# self-attack: forbidden-engine-dependency
# A Unity engine assembly is referenced and used by a portable kernel module.
# configuration: Release
# touched paths: src/UnityEngine/UnityEngine.csproj src/UnityEngine/GameObject.cs src/Arkus.Game.World/Arkus.Game.World.csproj src/Arkus.Game.World/EngineBridge.cs

--- 1. inject defect ---

--- 2. build with defect (expected to succeed) ---
MSBuild version 17.8.49+7806cbf7b for .NET
  Determining projects to restore...
  Restored <SANDBOX>/src/UnityEngine/UnityEngine.csproj (in 205 ms).
  Restored <SANDBOX>/src/Arkus.Game.World/Arkus.Game.World.csproj (in 224 ms).
  Restored <SANDBOX>/src/Arkus.Game.Validation/Arkus.Game.Validation.csproj (in 160 ms).
  Restored <SANDBOX>/src/Arkus.Harness.Runtime/Arkus.Harness.Runtime.csproj (in 224 ms).
  Restored <SANDBOX>/src/Arkus.Game.Authoring/Arkus.Game.Authoring.csproj (in 4 ms).
  Restored <SANDBOX>/src/Arkus.Harness.Cli/Arkus.Harness.Cli.csproj (in 13 ms).
  Restored <SANDBOX>/tests/Arkus.Harness.Tests/Arkus.Harness.Tests.csproj (in 125 ms).
  4 of 11 projects are up-to-date for restore.
  Arkus.Game.Core -> <SANDBOX>/artifacts/bin/Arkus.Game.Core/release/Arkus.Game.Core.dll
  Arkus.Harness.Protocol -> <SANDBOX>/artifacts/bin/Arkus.Harness.Protocol/release/Arkus.Harness.Protocol.dll
  UnityEngine -> <SANDBOX>/artifacts/bin/UnityEngine/debug/UnityEngine.dll
  Arkus.Kernel.Proof -> <SANDBOX>/artifacts/bin/Arkus.Kernel.Proof/release/Arkus.Kernel.Proof.dll
  Arkus.Kernel.Proof.Tool -> <SANDBOX>/artifacts/bin/Arkus.Kernel.Proof.Tool/release/Arkus.Kernel.Proof.Tool.dll
  Arkus.Game.World -> <SANDBOX>/artifacts/bin/Arkus.Game.World/release/Arkus.Game.World.dll
  Arkus.Game.Authoring -> <SANDBOX>/artifacts/bin/Arkus.Game.Authoring/release/Arkus.Game.Authoring.dll
  Arkus.Game.Validation -> <SANDBOX>/artifacts/bin/Arkus.Game.Validation/release/Arkus.Game.Validation.dll
  Arkus.Harness.Runtime -> <SANDBOX>/artifacts/bin/Arkus.Harness.Runtime/release/Arkus.Harness.Runtime.dll
  Arkus.Harness.Cli -> <SANDBOX>/artifacts/bin/Arkus.Harness.Cli/release/Arkus.Harness.Cli.dll
  Arkus.Harness.Tests -> <SANDBOX>/artifacts/bin/Arkus.Harness.Tests/release/Arkus.Harness.Tests.dll

Build succeeded.
    0 Warning(s)
    0 Error(s)

Time Elapsed 00:00:03.38

--- 3. guard must turn red for the intended reason ---
HK00-MANIFEST-PROJECT-UNDECLARED [static] src/UnityEngine/UnityEngine.csproj: A project exists on disk but is not classified in kernel-manifest.json.
HK00-ENGINE-DEP-STATIC [static] Arkus.Game.World:UnityEngine: Project reference 'UnityEngine' matches a forbidden engine/game-content pattern.
HK00-GRAPH-UNKNOWN-TARGET [static] Arkus.Game.World -> src/UnityEngine/UnityEngine.csproj: Project reference points at a project that is not classified in the manifest.
HK00-SOURCE-UNCLASSIFIED [static] src/UnityEngine/GameObject.cs: Source file is inside a scanned root but owned by no classified project.
HK00-ENGINE-DEP-EFFECTIVE [effective] Arkus.Game.World:UnityEngine: The built assembly actually references forbidden engine/game-content assembly 'UnityEngine'.
HK00-ENGINE-DEP-COMPILER [compiler] Arkus.Game.World:UnityEngine: The compiler was actually given a forbidden engine/game-content reference.
phases=preflight+static+effective+compiler configuration=Release findings=6
EXPECTED CHECK FIRED: HK00-ENGINE-DEP-STATIC
EXPECTED CHECK FIRED: HK00-ENGINE-DEP-EFFECTIVE
EXPECTATION RESULT: MET

--- 4. revert defect ---

--- 5. rebuild and prove green again ---
MSBuild version 17.8.49+7806cbf7b for .NET
  Determining projects to restore...
  Restored <SANDBOX>/src/Arkus.Harness.Runtime/Arkus.Harness.Runtime.csproj (in 283 ms).
  Restored <SANDBOX>/src/Arkus.Game.Validation/Arkus.Game.Validation.csproj (in 283 ms).
  Restored <SANDBOX>/src/Arkus.Harness.Cli/Arkus.Harness.Cli.csproj (in 283 ms).
  Restored <SANDBOX>/src/Arkus.Game.World/Arkus.Game.World.csproj (in 2 ms).
  Restored <SANDBOX>/src/Arkus.Game.Authoring/Arkus.Game.Authoring.csproj (in 3 ms).
  Restored <SANDBOX>/tests/Arkus.Harness.Tests/Arkus.Harness.Tests.csproj (in 311 ms).
  4 of 10 projects are up-to-date for restore.
  Arkus.Game.Core -> <SANDBOX>/artifacts/bin/Arkus.Game.Core/release/Arkus.Game.Core.dll
  Arkus.Harness.Protocol -> <SANDBOX>/artifacts/bin/Arkus.Harness.Protocol/release/Arkus.Harness.Protocol.dll
  Arkus.Kernel.Proof -> <SANDBOX>/artifacts/bin/Arkus.Kernel.Proof/release/Arkus.Kernel.Proof.dll
  Arkus.Game.World -> <SANDBOX>/artifacts/bin/Arkus.Game.World/release/Arkus.Game.World.dll
  Arkus.Game.Validation -> <SANDBOX>/artifacts/bin/Arkus.Game.Validation/release/Arkus.Game.Validation.dll
  Arkus.Kernel.Proof.Tool -> <SANDBOX>/artifacts/bin/Arkus.Kernel.Proof.Tool/release/Arkus.Kernel.Proof.Tool.dll
  Arkus.Game.Authoring -> <SANDBOX>/artifacts/bin/Arkus.Game.Authoring/release/Arkus.Game.Authoring.dll
  Arkus.Harness.Runtime -> <SANDBOX>/artifacts/bin/Arkus.Harness.Runtime/release/Arkus.Harness.Runtime.dll
  Arkus.Harness.Cli -> <SANDBOX>/artifacts/bin/Arkus.Harness.Cli/release/Arkus.Harness.Cli.dll
  Arkus.Harness.Tests -> <SANDBOX>/artifacts/bin/Arkus.Harness.Tests/release/Arkus.Harness.Tests.dll

Build succeeded.
    0 Warning(s)
    0 Error(s)

Time Elapsed 00:00:03.50
phases=preflight+static+effective+compiler configuration=Release findings=0
PROOF RESULT: GREEN

--- result: RED on injection, GREEN after revert ---
