# self-attack: hidden-generated-source
# Product code is smuggled in as a build-generated source file under the intermediate output directory.
# configuration: Release
# touched paths: src/Arkus.Game.World/Arkus.Game.World.csproj

--- 1. inject defect ---

--- 2. build with defect (expected to succeed) ---
MSBuild version 17.8.49+7806cbf7b for .NET
  Determining projects to restore...
  All projects are up-to-date for restore.
  Arkus.Game.Core -> <SANDBOX>/artifacts/bin/Arkus.Game.Core/release/Arkus.Game.Core.dll
  Arkus.Harness.Protocol -> <SANDBOX>/artifacts/bin/Arkus.Harness.Protocol/release/Arkus.Harness.Protocol.dll
  Arkus.Kernel.Proof -> <SANDBOX>/artifacts/bin/Arkus.Kernel.Proof/release/Arkus.Kernel.Proof.dll
  Arkus.Game.World -> <SANDBOX>/artifacts/bin/Arkus.Game.World/release/Arkus.Game.World.dll
  Arkus.Kernel.Proof.Tool -> <SANDBOX>/artifacts/bin/Arkus.Kernel.Proof.Tool/release/Arkus.Kernel.Proof.Tool.dll
  Arkus.Game.Authoring -> <SANDBOX>/artifacts/bin/Arkus.Game.Authoring/release/Arkus.Game.Authoring.dll
  Arkus.Game.Validation -> <SANDBOX>/artifacts/bin/Arkus.Game.Validation/release/Arkus.Game.Validation.dll
  Arkus.Harness.Runtime -> <SANDBOX>/artifacts/bin/Arkus.Harness.Runtime/release/Arkus.Harness.Runtime.dll
  Arkus.Harness.Cli -> <SANDBOX>/artifacts/bin/Arkus.Harness.Cli/release/Arkus.Harness.Cli.dll
  Arkus.Harness.Tests -> <SANDBOX>/artifacts/bin/Arkus.Harness.Tests/release/Arkus.Harness.Tests.dll

Build succeeded.
    0 Warning(s)
    0 Error(s)

Time Elapsed 00:00:02.79

--- 3. guard must turn red for the intended reason ---
HK00-SOURCE-UNEXPECTED-GENERATED [effective] Arkus.Game.World:artifacts/obj/Arkus.Game.World/release/Hidden.g.cs: A build-generated source file matches no expected generated-source pattern, so product code could be hiding in it.
HK00-SOURCE-UNEXPECTED-GENERATED [compiler] Arkus.Game.World:artifacts/obj/Arkus.Game.World/release/Hidden.g.cs: A build-generated source file matches no expected generated-source pattern, so product code could be hiding in it.
phases=preflight+static+effective+compiler configuration=Release findings=2
EXPECTED CHECK FIRED: HK00-SOURCE-UNEXPECTED-GENERATED
EXPECTATION RESULT: MET

--- 4. revert defect ---

--- 5. rebuild and prove green again ---
MSBuild version 17.8.49+7806cbf7b for .NET
  Determining projects to restore...
  All projects are up-to-date for restore.
  Arkus.Game.Core -> <SANDBOX>/artifacts/bin/Arkus.Game.Core/release/Arkus.Game.Core.dll
  Arkus.Harness.Protocol -> <SANDBOX>/artifacts/bin/Arkus.Harness.Protocol/release/Arkus.Harness.Protocol.dll
  Arkus.Kernel.Proof -> <SANDBOX>/artifacts/bin/Arkus.Kernel.Proof/release/Arkus.Kernel.Proof.dll
  Arkus.Kernel.Proof.Tool -> <SANDBOX>/artifacts/bin/Arkus.Kernel.Proof.Tool/release/Arkus.Kernel.Proof.Tool.dll
  Arkus.Game.World -> <SANDBOX>/artifacts/bin/Arkus.Game.World/release/Arkus.Game.World.dll
  Arkus.Game.Validation -> <SANDBOX>/artifacts/bin/Arkus.Game.Validation/release/Arkus.Game.Validation.dll
  Arkus.Game.Authoring -> <SANDBOX>/artifacts/bin/Arkus.Game.Authoring/release/Arkus.Game.Authoring.dll
  Arkus.Harness.Runtime -> <SANDBOX>/artifacts/bin/Arkus.Harness.Runtime/release/Arkus.Harness.Runtime.dll
  Arkus.Harness.Cli -> <SANDBOX>/artifacts/bin/Arkus.Harness.Cli/release/Arkus.Harness.Cli.dll
  Arkus.Harness.Tests -> <SANDBOX>/artifacts/bin/Arkus.Harness.Tests/release/Arkus.Harness.Tests.dll

Build succeeded.
    0 Warning(s)
    0 Error(s)

Time Elapsed 00:00:03.19
phases=preflight+static+effective+compiler configuration=Release findings=0
PROOF RESULT: GREEN

--- result: RED on injection, GREEN after revert ---
