# self-attack: proof-tool-deleted
# The proof tool project is deleted.
# configuration: Release
# touched paths: tools/Arkus.Kernel.Proof.Tool/Arkus.Kernel.Proof.Tool.csproj

--- 1. inject defect ---

--- 3. guard must turn red for the intended reason ---
HK00-PREFLIGHT-PROJECT-MISSING [preflight] tools/Arkus.Kernel.Proof.Tool/Arkus.Kernel.Proof.Tool.csproj: Manifest declares project 'Arkus.Kernel.Proof.Tool' but the project file does not exist.
HK00-PREFLIGHT-PROOF-TOOL-MISSING [preflight] Arkus.Kernel.Proof.Tool: The proof tool project is missing or unclassified; CI must fail closed.
phases=preflight configuration=Release findings=2
EXPECTED CHECK FIRED: HK00-PREFLIGHT-PROOF-TOOL-MISSING
EXPECTATION RESULT: MET

--- 4. revert defect ---

--- 5. rebuild and prove green again ---
MSBuild version 17.8.49+7806cbf7b for .NET
  Determining projects to restore...
  All projects are up-to-date for restore.
  Arkus.Game.Core -> <SANDBOX>/artifacts/bin/Arkus.Game.Core/release/Arkus.Game.Core.dll
  Arkus.Harness.Protocol -> <SANDBOX>/artifacts/bin/Arkus.Harness.Protocol/release/Arkus.Harness.Protocol.dll
  Arkus.Game.World -> <SANDBOX>/artifacts/bin/Arkus.Game.World/release/Arkus.Game.World.dll
  Arkus.Kernel.Proof -> <SANDBOX>/artifacts/bin/Arkus.Kernel.Proof/release/Arkus.Kernel.Proof.dll
  Arkus.Game.Authoring -> <SANDBOX>/artifacts/bin/Arkus.Game.Authoring/release/Arkus.Game.Authoring.dll
  Arkus.Kernel.Proof.Tool -> <SANDBOX>/artifacts/bin/Arkus.Kernel.Proof.Tool/release/Arkus.Kernel.Proof.Tool.dll
  Arkus.Game.Validation -> <SANDBOX>/artifacts/bin/Arkus.Game.Validation/release/Arkus.Game.Validation.dll
  Arkus.Harness.Runtime -> <SANDBOX>/artifacts/bin/Arkus.Harness.Runtime/release/Arkus.Harness.Runtime.dll
  Arkus.Harness.Cli -> <SANDBOX>/artifacts/bin/Arkus.Harness.Cli/release/Arkus.Harness.Cli.dll
  Arkus.Harness.Tests -> <SANDBOX>/artifacts/bin/Arkus.Harness.Tests/release/Arkus.Harness.Tests.dll

Build succeeded.
    0 Warning(s)
    0 Error(s)

Time Elapsed 00:00:02.93
phases=preflight+static+effective+compiler configuration=Release findings=0
PROOF RESULT: GREEN

--- result: RED on injection, GREEN after revert ---
